// Vitest Snapshot v1, https://vitest.dev/guide/snapshot.html

exports[`Uses > renders a snapshot of the page 1`] = `
<DocumentFragment>
  <div
    class="container"
  >
    <div
      class="fixed inset-0 -z-10"
    >
      <div
        class="relative h-screen w-screen overflow-hidden bg-gradient-to-b from-emerald-300 via-orange-200 to-teal-200"
      >
        <svg
          class="absolute bottom-0 left-0 w-full"
          preserveAspectRatio="none"
          viewBox="0 0 1000 800"
        >
          <path
            d="M0 800 C 200 750, 300 850, 500 800 S 700 750, 1000 800 V 800 H 0 Z"
            fill="rgba(50, 222, 212, 0.1)"
          />
          <path
            d="M0 795 C 200 750, 300 840, 500 795 S 700 750, 1000 795 V 800 H 0 Z"
            fill="rgba(50, 222, 212, 0.15000000000000002)"
          />
          <path
            d="M0 790 C 200 750, 300 830, 500 790 S 700 750, 1000 790 V 800 H 0 Z"
            fill="rgba(50, 222, 212, 0.2)"
          />
          <path
            d="M0 785 C 200 750, 300 820, 500 785 S 700 750, 1000 785 V 800 H 0 Z"
            fill="rgba(50, 222, 212, 0.25)"
          />
          <path
            d="M0 780 C 200 750, 300 810, 500 780 S 700 750, 1000 780 V 800 H 0 Z"
            fill="rgba(50, 222, 212, 0.30000000000000004)"
          />
          <path
            d="M0 775 C 200 750, 300 800, 500 775 S 700 750, 1000 775 V 800 H 0 Z"
            fill="rgba(50, 222, 212, 0.35)"
          />
          <path
            d="M0 770 C 200 750, 300 790, 500 770 S 700 750, 1000 770 V 800 H 0 Z"
            fill="rgba(50, 222, 212, 0.4)"
          />
          <path
            d="M0 765 C 200 750, 300 780, 500 765 S 700 750, 1000 765 V 800 H 0 Z"
            fill="rgba(50, 222, 212, 0.45000000000000007)"
          />
        </svg>
        <div
          class="absolute bottom-0 left-0 h-32 w-full bg-gradient-to-t from-teal-600 to-transparent opacity-30"
        />
      </div>
    </div>
    <main
      class="mx-auto my-2 w-[90%] py-8 lg:w-[75%] xl:w-[80%]"
    >
      <nav
        class="m-2 max-h-none pt-2"
      >
        <div
          class="absolute right-4 top-4 text-left"
          data-headlessui-state=""
        >
          <div>
            <button
              aria-expanded="false"
              aria-haspopup="menu"
              class="flex h-10 items-center border-2 border-black bg-orange-200 p-1.5 text-black shadow-[2px_2px_0px_rgba(0,0,0,1)] hover:bg-gray-700 hover:text-white hover:shadow-none focus:outline-none active:bg-black active:shadow-none"
              data-headlessui-state=""
              id="headlessui-menu-button-:r10:"
              type="button"
            >
              <span
                class="sr-only"
              >
                Open navigation menu
              </span>
              <svg
                aria-hidden="true"
                class="h-6 w-6"
                data-slot="icon"
                fill="none"
                stroke="currentColor"
                stroke-width="1.5"
                viewBox="0 0 24 24"
                xmlns="http://www.w3.org/2000/svg"
              >
                <path
                  d="M3.75 5.25h16.5m-16.5 4.5h16.5m-16.5 4.5h16.5m-16.5 4.5h16.5"
                  stroke-linecap="round"
                  stroke-linejoin="round"
                />
              </svg>
            </button>
          </div>
        </div>
        <div
          class="absolute left-4 top-4 text-left"
        >
          <a
            aria-label="Go Home"
            class="flex h-10 items-center border-2 border-black bg-orange-200 p-1.5 text-black shadow-[2px_2px_0px_rgba(0,0,0,1)] hover:bg-gray-700 hover:text-white hover:shadow-none focus:outline-none active:bg-black active:shadow-none"
            href="/"
            role="link"
          >
            <span
              class="sr-only"
            >
              Go Home
            </span>
            <svg
              aria-hidden="true"
              class="h-6 w-6"
              data-slot="icon"
              fill="none"
              stroke="currentColor"
              stroke-width="1.5"
              viewBox="0 0 24 24"
              xmlns="http://www.w3.org/2000/svg"
            >
              <path
                d="m2.25 12 8.954-8.955c.44-.439 1.152-.439 1.591 0L21.75 12M4.5 9.75v10.125c0 .621.504 1.125 1.125 1.125H9.75v-4.875c0-.621.504-1.125 1.125-1.125h2.25c.621 0 1.125.504 1.125 1.125V21h4.125c.621 0 1.125-.504 1.125-1.125V9.75M8.25 21h8.25"
                stroke-linecap="round"
                stroke-linejoin="round"
              />
            </svg>
          </a>
        </div>
      </nav>
      <div
        class="p-5"
      >
        <div
          class="mx-auto"
        >
          <section
            class="mb-8"
          >
            <div
              class="prose prose-lg prose-slate max-w-none"
            >
              <h1
                class="py-4 text-center text-3xl font-bold text-slate-800"
              >
                Everyday Day Carry
              </h1>
            </div>
          </section>
          <section
            class="mb-12"
          >
            <div
              class="mx-auto max-w-3xl"
            >
              <p
                class="pb-6 text-center text-lg text-slate-600"
              >
                A non-exhaustive list of stuff that I use on a daily basis.
              </p>
              <h2
                class="mb-6 text-center text-2xl font-bold text-slate-700"
              >
                Hardware
              </h2>
              <ul
                class="list-none space-y-6"
              >
                <li>
                  <div
                    data-headlessui-state="open"
                    data-open=""
                  >
                    <div
                      class="border-2 my-4 border-black shadow-[2px_2px_0px_rgba(0,0,0,1)]"
                    >
                      <button
                        aria-controls="headlessui-disclosure-panel-:r12:"
                        aria-expanded="true"
                        class=" bg-purple-300 flex w-full flex-row justify-between border-b-2 border-black px-2 py-2 text-left font-bold text-slate-900"
                        data-headlessui-state="open"
                        data-open=""
                        id="headlessui-disclosure-button-:r11:"
                        type="button"
                      >
                        Apple MacBook Pro (14-inch, 2021)
                        <div
                          class="flex flex-row items-center"
                        >
                          <div
                            class="mx-2"
                          >
                            <span
                              class="border-black bg-green-100 text-green-800 mx-1 inline-flex items-center rounded-full shadow-[1px_1px_0px_0px_rgba(0,0,0,1)] border-2 px-2 py-0.5 text-xs font-medium"
                            >
                              2022
                            </span>
                            <span
                              class="border-black bg-orange-100 text-orange-800 mx-1 inline-flex items-center rounded-full shadow-[1px_1px_0px_0px_rgba(0,0,0,1)] border-2 px-2 py-0.5 text-xs font-medium"
                            >
                              work
                            </span>
                            <span
                              class="border-black bg-yellow-100 text-yellow-800 mx-1 inline-flex items-center rounded-full shadow-[1px_1px_0px_0px_rgba(0,0,0,1)] border-2 px-2 py-0.5 text-xs font-medium"
                            >
                              personal
                            </span>
                          </div>
                          <svg
                            aria-hidden="true"
                            class="h-5 w-5"
                            data-slot="icon"
                            fill="none"
                            stroke="currentColor"
                            stroke-width="1.5"
                            viewBox="0 0 24 24"
                            xmlns="http://www.w3.org/2000/svg"
                          >
                            <path
                              d="M5 12h14"
                              stroke-linecap="round"
                              stroke-linejoin="round"
                            />
                          </svg>
                        </div>
                      </button>
                      <div
                        class="bg-blue-100 p-4 text-slate-700"
                        data-headlessui-state="open"
                        data-open=""
                        id="headlessui-disclosure-panel-:r12:"
                      >
                        <p
                          class="mb-4 text-lg"
                        >
                          I daily drive the 
                          <a
                            aria-label=""
                            class="text-blue-600 underline decoration-blue-600 decoration-wavy underline-offset-4 transition-colors hover:text-black hover:decoration-black"
                            href="https://support.apple.com/kb/SP854?locale=en_US"
                            rel=" noopener noreferrer"
                            role="link"
                            target="_blank"
                            type=""
                          >
                            MacBook Pro (14-inch, 2021)
                          </a>
                          . I use it for work, personal projects, and everything in between. The 14-inch display is a great size for me when on the move, and the ARM-based M1 is a beast!
                        </p>
                        <p
                          class="text-lg"
                        >
                          At home, this is connected to a dual monitor setup with a thunderbolt dock to connect to my external peripherals.
                        </p>
                      </div>
                    </div>
                  </div>
                </li>
                <li>
                  <div
                    data-headlessui-state="open"
                    data-open=""
                  >
                    <div
                      class="border-2 my-4 border-black shadow-[2px_2px_0px_rgba(0,0,0,1)]"
                    >
                      <button
                        aria-controls="headlessui-disclosure-panel-:r14:"
                        aria-expanded="true"
                        class=" bg-purple-300 flex w-full flex-row justify-between border-b-2 border-black px-2 py-2 text-left font-bold text-slate-900"
                        data-headlessui-state="open"
                        data-open=""
                        id="headlessui-disclosure-button-:r13:"
                        type="button"
                      >
                        DeskPi Super6C (2022)
                        <div
                          class="flex flex-row items-center"
                        >
                          <div
                            class="mx-2"
                          >
                            <span
                              class="border-black bg-green-100 text-green-800 mx-1 inline-flex items-center rounded-full shadow-[1px_1px_0px_0px_rgba(0,0,0,1)] border-2 px-2 py-0.5 text-xs font-medium"
                            >
                              2022
                            </span>
                            <span
                              class="border-black bg-purple-100 text-purple-800 mx-1 inline-flex items-center rounded-full shadow-[1px_1px_0px_0px_rgba(0,0,0,1)] border-2 px-2 py-0.5 text-xs font-medium"
                            >
                              homelab
                            </span>
                            <span
                              class="border-black bg-yellow-100 text-yellow-800 mx-1 inline-flex items-center rounded-full shadow-[1px_1px_0px_0px_rgba(0,0,0,1)] border-2 px-2 py-0.5 text-xs font-medium"
                            >
                              personal
                            </span>
                          </div>
                          <svg
                            aria-hidden="true"
                            class="h-5 w-5"
                            data-slot="icon"
                            fill="none"
                            stroke="currentColor"
                            stroke-width="1.5"
                            viewBox="0 0 24 24"
                            xmlns="http://www.w3.org/2000/svg"
                          >
                            <path
                              d="M5 12h14"
                              stroke-linecap="round"
                              stroke-linejoin="round"
                            />
                          </svg>
                        </div>
                      </button>
                      <div
                        class="bg-blue-100 p-4 text-slate-700"
                        data-headlessui-state="open"
                        data-open=""
                        id="headlessui-disclosure-panel-:r14:"
                      >
                        <p
                          class="mb-4 text-lg"
                        >
                          The 
                          <a
                            aria-label=""
                            class="text-blue-600 underline decoration-blue-600 decoration-wavy underline-offset-4 transition-colors hover:text-black hover:decoration-black"
                            href="https://deskpi.com/collections/deskpi-super6c"
                            rel=" noopener noreferrer"
                            role="link"
                            target="_blank"
                            type=""
                          >
                            DeskPi Super6C
                          </a>
                           is a 
                          <strong>
                            Raspberry Pi Compute Module 4 
                          </strong>
                          Cluster Mini-ITX board that supports up to 6 CM4s. I have populated it with 4 x 8GB Lite editions, 2 x 2GB Lite editions and 128 SanDisk SD cards for the boot drives.
                        </p>
                        <p
                          class="text-lg"
                        >
                          I use it as a home lab for learning and experimenting with Hashicorp products like Nomad, Consul, Vault, etc., Kubernetes, Docker, and other technologies. The CM4s are running Raspberry Pi OS (debian) and I manage them with Ansible from my laptop.
                        </p>
                      </div>
                    </div>
                  </div>
                </li>
                <li>
                  <div
                    data-headlessui-state=""
                  >
                    <div
                      class="border-l-2 border-r-2 border-t-2 my-4 border-black shadow-[2px_2px_0px_rgba(0,0,0,1)]"
                    >
                      <button
                        aria-expanded="false"
                        class=" bg-red-200 flex w-full flex-row justify-between border-b-2 border-black px-2 py-2 text-left font-bold text-slate-900"
                        data-headlessui-state=""
                        id="headlessui-disclosure-button-:r15:"
                        type="button"
                      >
                        Dell XPS 15 9500 (15-inch, 2020)
                        <div
                          class="flex flex-row items-center"
                        >
                          <div
                            class="mx-2"
                          >
                            <span
                              class="border-black bg-green-100 text-green-800 mx-1 inline-flex items-center rounded-full shadow-[1px_1px_0px_0px_rgba(0,0,0,1)] border-2 px-2 py-0.5 text-xs font-medium"
                            >
                              2020
                            </span>
                            <span
                              class="border-black bg-purple-100 text-purple-800 mx-1 inline-flex items-center rounded-full shadow-[1px_1px_0px_0px_rgba(0,0,0,1)] border-2 px-2 py-0.5 text-xs font-medium"
                            >
                              homelab
                            </span>
                            <span
                              class="border-black bg-yellow-100 text-yellow-800 mx-1 inline-flex items-center rounded-full shadow-[1px_1px_0px_0px_rgba(0,0,0,1)] border-2 px-2 py-0.5 text-xs font-medium"
                            >
                              personal
                            </span>
                          </div>
                          <svg
                            aria-hidden="true"
                            class="h-5 w-5"
                            data-slot="icon"
                            fill="none"
                            stroke="currentColor"
                            stroke-width="1.5"
                            viewBox="0 0 24 24"
                            xmlns="http://www.w3.org/2000/svg"
                          >
                            <path
                              d="M12 4.5v15m7.5-7.5h-15"
                              stroke-linecap="round"
                              stroke-linejoin="round"
                            />
                          </svg>
                        </div>
                      </button>
                    </div>
                  </div>
                </li>
                <li>
                  <div
                    data-headlessui-state=""
                  >
                    <div
                      class="border-l-2 border-r-2 border-t-2 my-4 border-black shadow-[2px_2px_0px_rgba(0,0,0,1)]"
                    >
                      <button
                        aria-expanded="false"
                        class=" bg-red-200 flex w-full flex-row justify-between border-b-2 border-black px-2 py-2 text-left font-bold text-slate-900"
                        data-headlessui-state=""
                        id="headlessui-disclosure-button-:r17:"
                        type="button"
                      >
                        Other Machines
                        <div
                          class="flex flex-row items-center"
                        >
                          <div
                            class="mx-2"
                          >
                            <span
                              class="border-black bg-green-100 text-green-800 mx-1 inline-flex items-center rounded-full shadow-[1px_1px_0px_0px_rgba(0,0,0,1)] border-2 px-2 py-0.5 text-xs font-medium"
                            >
                              &lt; 2020
                            </span>
                            <span
                              class="border-black bg-yellow-100 text-yellow-800 mx-1 inline-flex items-center rounded-full shadow-[1px_1px_0px_0px_rgba(0,0,0,1)] border-2 px-2 py-0.5 text-xs font-medium"
                            >
                              personal
                            </span>
                          </div>
                          <svg
                            aria-hidden="true"
                            class="h-5 w-5"
                            data-slot="icon"
                            fill="none"
                            stroke="currentColor"
                            stroke-width="1.5"
                            viewBox="0 0 24 24"
                            xmlns="http://www.w3.org/2000/svg"
                          >
                            <path
                              d="M12 4.5v15m7.5-7.5h-15"
                              stroke-linecap="round"
                              stroke-linejoin="round"
                            />
                          </svg>
                        </div>
                      </button>
                    </div>
                  </div>
                </li>
                <li>
                  <div
                    data-headlessui-state=""
                  >
                    <div
                      class="border-l-2 border-r-2 border-t-2 my-4 border-black shadow-[2px_2px_0px_rgba(0,0,0,1)]"
                    >
                      <button
                        aria-expanded="false"
                        class=" bg-red-200 flex w-full flex-row justify-between border-b-2 border-black px-2 py-2 text-left font-bold text-slate-900"
                        data-headlessui-state=""
                        id="headlessui-disclosure-button-:r19:"
                        type="button"
                      >
                        Peripherals
                        <div
                          class="flex flex-row items-center"
                        >
                          <svg
                            aria-hidden="true"
                            class="h-5 w-5"
                            data-slot="icon"
                            fill="none"
                            stroke="currentColor"
                            stroke-width="1.5"
                            viewBox="0 0 24 24"
                            xmlns="http://www.w3.org/2000/svg"
                          >
                            <path
                              d="M12 4.5v15m7.5-7.5h-15"
                              stroke-linecap="round"
                              stroke-linejoin="round"
                            />
                          </svg>
                        </div>
                      </button>
                    </div>
                  </div>
                </li>
              </ul>
              <h2
                class="mb-6 mt-12 text-center text-2xl font-bold text-slate-700"
              >
                Software
              </h2>
              <ul
                class="list-none space-y-6"
              >
                <li>
                  <div
                    data-headlessui-state=""
                  >
                    <div
                      class="border-l-2 border-r-2 border-t-2 my-4 border-black shadow-[2px_2px_0px_rgba(0,0,0,1)]"
                    >
                      <button
                        aria-expanded="false"
                        class=" bg-red-200 flex w-full flex-row justify-between border-b-2 border-black px-2 py-2 text-left font-bold text-slate-900"
                        data-headlessui-state=""
                        id="headlessui-disclosure-button-:r1b:"
                        type="button"
                      >
                        Operating Systems
                        <div
                          class="flex flex-row items-center"
                        >
                          <svg
                            aria-hidden="true"
                            class="h-5 w-5"
                            data-slot="icon"
                            fill="none"
                            stroke="currentColor"
                            stroke-width="1.5"
                            viewBox="0 0 24 24"
                            xmlns="http://www.w3.org/2000/svg"
                          >
                            <path
                              d="M12 4.5v15m7.5-7.5h-15"
                              stroke-linecap="round"
                              stroke-linejoin="round"
                            />
                          </svg>
                        </div>
                      </button>
                    </div>
                  </div>
                </li>
              </ul>
            </div>
          </section>
          <section>
            <div
              class="prose prose-lg prose-slate mx-auto mt-8 max-w-3xl"
            >
              <h3
                class="mb-4 text-center font-bold text-slate-700"
              >
                Elsewhere on the internet
              </h3>
              <div
                class="mx-auto mb-1 mt-2 flex flex-row items-center justify-center space-x-2 space-y-0"
              >
                <a
                  aria-label=""
                  class="h-8 w-8 border-2 border-black bg-orange-200 p-1.5 text-black shadow-[2px_2px_0px_rgba(0,0,0,1)] hover:bg-gray-700 hover:text-white hover:shadow-none active:bg-black active:shadow-none"
                  href="https://twitter.com/raisedadead"
                  rel="me noopener noreferrer"
                  role="link"
                  target="_blank"
                  type="button"
                >
                  <span
                    class="sr-only"
                  >
                    Twitter
                  </span>
                  <svg
                    aria-hidden="true"
                    fill="currentColor"
                    viewBox="0 0 24 24"
                  >
                    <path
                      d="M8.29 20.251c7.547 0 11.675-6.253 11.675-11.675 0-.178 0-.355-.012-.53A8.348 8.348 0 0022 5.92a8.19 8.19 0 01-2.357.646 4.118 4.118 0 001.804-2.27 8.224 8.224 0 01-2.605.996 4.107 4.107 0 00-6.993 3.743 11.65 11.65 0 01-8.457-4.287 4.106 4.106 0 001.27 5.477A4.072 4.072 0 012.8 9.713v.052a4.105 4.105 0 003.292 4.022 4.095 4.095 0 01-1.853.07 4.108 4.108 0 003.834 2.85A8.233 8.233 0 012 18.407a11.616 11.616 0 006.29 1.84"
                    />
                  </svg>
                </a>
                <a
                  aria-label=""
                  class="h-8 w-8 border-2 border-black bg-orange-200 p-1.5 text-black shadow-[2px_2px_0px_rgba(0,0,0,1)] hover:bg-gray-700 hover:text-white hover:shadow-none active:bg-black active:shadow-none"
                  href="https://github.com/raisedadead"
                  rel="me noopener noreferrer"
                  role="link"
                  target="_blank"
                  type="button"
                >
                  <span
                    class="sr-only"
                  >
                    GitHub
                  </span>
                  <svg
                    aria-hidden="true"
                    fill="currentColor"
                    viewBox="0 0 24 24"
                  >
                    <path
                      clip-rule="evenodd"
                      d="M12 2C6.477 2 2 6.484 2 12.017c0 4.425 2.865 8.18 6.839 9.504.5.092.682-.217.682-.483 0-.237-.008-.868-.013-1.703-2.782.605-3.369-1.343-3.369-1.343-.454-1.158-1.11-1.466-1.11-1.466-.908-.62.069-.608.069-.608 1.003.07 1.531 1.032 1.531 1.032.892 1.53 2.341 1.088 2.91.832.092-.647.35-1.088.636-1.338-2.22-.253-4.555-1.113-4.555-4.951 0-1.093.39-1.988 1.029-2.688-.103-.253-.446-1.272.098-2.65 0 0 .84-.27 2.75 1.026A9.564 9.564 0 0112 6.844c.85.004 1.705.115 2.504.337 1.909-1.296 2.747-1.027 2.747-1.027.546 1.379.202 2.398.1 2.651.64.7 1.028 1.595 1.028 2.688 0 3.848-2.339 4.695-4.566 4.943.359.309.678.92.678 1.855 0 1.338-.012 2.419-.012 2.747 0 .268.18.58.688.482A10.019 10.019 0 0022 12.017C22 6.484 17.522 2 12 2z"
                      fill-rule="evenodd"
                    />
                  </svg>
                </a>
                <a
                  aria-label=""
                  class="h-8 w-8 border-2 border-black bg-orange-200 p-1.5 text-black shadow-[2px_2px_0px_rgba(0,0,0,1)] hover:bg-gray-700 hover:text-white hover:shadow-none active:bg-black active:shadow-none"
                  href="https://instagram.com/raisedadead"
                  rel="me noopener noreferrer"
                  role="link"
                  target="_blank"
                  type="button"
                >
                  <span
                    class="sr-only"
                  >
                    Instagram
                  </span>
                  <svg
                    aria-hidden="true"
                    fill="currentColor"
                    viewBox="0 0 24 24"
                  >
                    <path
                      clip-rule="evenodd"
                      d="M12.315 2c2.43 0 2.784.013 3.808.06 1.064.049 1.791.218 2.427.465a4.902 4.902 0 011.772 1.153 4.902 4.902 0 011.153 1.772c.247.636.416 1.363.465 2.427.048 1.067.06 1.407.06 4.123v.08c0 2.643-.012 2.987-.06 4.043-.049 1.064-.218 1.791-.465 2.427a4.902 4.902 0 01-1.153 1.772 4.902 4.902 0 01-1.772 1.153c-.636.247-1.363.416-2.427.465-1.067.048-1.407.06-4.123.06h-.08c-2.643 0-2.987-.012-4.043-.06-1.064-.049-1.791-.218-2.427-.465a4.902 4.902 0 01-1.772-1.153 4.902 4.902 0 01-1.153-1.772c-.247-.636-.416-1.363-.465-2.427-.047-1.024-.06-1.379-.06-3.808v-.63c0-2.43.013-2.784.06-3.808.049-1.064.218-1.791.465-2.427a4.902 4.902 0 011.153-1.772A4.902 4.902 0 015.45 2.525c.636-.247 1.363-.416 2.427-.465C8.901 2.013 9.256 2 11.685 2h.63zm-.081 1.802h-.468c-2.456 0-2.784.011-3.807.058-.975.045-1.504.207-1.857.344-.467.182-.8.398-1.15.748-.35.35-.566.683-.748 1.15-.137.353-.3.882-.344 1.857-.047 1.023-.058 1.351-.058 3.807v.468c0 2.456.011 2.784.058 3.807.045.975.207 1.504.344 1.857.182.466.399.8.748 1.15.35.35.683.566 1.15.748.353.137.882.3 1.857.344 1.054.048 1.37.058 4.041.058h.08c2.597 0 2.917-.01 3.96-.058.976-.045 1.505-.207 1.858-.344.466-.182.8-.398 1.15-.748.35-.35.566-.683.748-1.15.137-.353.3-.882.344-1.857.048-1.055.058-1.37.058-4.041v-.08c0-2.597-.01-2.917-.058-3.96-.045-.976-.207-1.505-.344-1.858a3.097 3.097 0 00-.748-1.15 3.098 3.098 0 00-1.15-.748c-.353-.137-.882-.3-1.857-.344-1.023-.047-1.351-.058-3.807-.058zM12 6.865a5.135 5.135 0 110 10.27 5.135 5.135 0 010-10.27zm0 1.802a3.333 3.333 0 100 6.666 3.333 3.333 0 000-6.666zm5.338-3.205a1.2 1.2 0 110 2.4 1.2 1.2 0 010-2.4z"
                      fill-rule="evenodd"
                    />
                  </svg>
                </a>
                <a
                  aria-label=""
                  class="h-8 w-8 border-2 border-black bg-orange-200 p-1.5 text-black shadow-[2px_2px_0px_rgba(0,0,0,1)] hover:bg-gray-700 hover:text-white hover:shadow-none active:bg-black active:shadow-none"
                  href="https://linkedin.com/in/mrugeshm"
                  rel="me noopener noreferrer"
                  role="link"
                  target="_blank"
                  type="button"
                >
                  <span
                    class="sr-only"
                  >
                    LinkedIn
                  </span>
                  <svg
                    aria-hidden="true"
                    fill="currentColor"
                    viewBox="0 0 24 24"
                  >
                    <path
                      clip-rule="evenodd"
                      d="M19 0h-14c-2.761 0-5 2.239-5 5v14c0 2.761 2.239 5 5 5h14c2.762 0 5-2.239 5-5v-14c0-2.761-2.238-5-5-5zm-11 19h-3v-11h3v11zm-1.5-12.268c-.966 0-1.75-.79-1.75-1.764s.784-1.764 1.75-1.764 1.75.79 1.75 1.764-.783 1.764-1.75 1.764zm13.5 12.268h-3v-5.604c0-3.368-4-3.113-4 0v5.604h-3v-11h3v1.765c1.396-2.586 7-2.777 7 2.476v6.759z"
                      fill-rule="evenodd"
                    />
                  </svg>
                </a>
              </div>
            </div>
          </section>
        </div>
      </div>
      <footer
        class="p-2"
      >
        <div
          class="font-mono text-gray-700 text-sm text-center mx-8 md:mx-auto"
        >
          <p>
            © 2012-2024 Mrugesh Mohapatra Co. — All rights reserved.
          </p>
          <p
            class="mt-2"
          >
            <a
              aria-label=""
              class="text-gray-700 hover:text-black rounded-full hover:bg-white py-1 px-2"
              href="/terms"
              role="link"
            >
              Terms
            </a>
            •
            <a
              aria-label=""
              class="text-gray-700 hover:text-black rounded-full hover:bg-white py-1 px-2"
              href="/privacy"
              role="link"
            >
              Privacy
            </a>
            •
            <a
              aria-label=""
              class="text-gray-700 hover:text-black rounded-full hover:bg-white py-1 px-2"
              href="/refunds"
              role="link"
            >
              Refunds
            </a>
            •
            <a
              aria-label=""
              class="text-gray-700 hover:text-black rounded-full hover:bg-white py-1 px-2"
              href="/about"
              role="link"
            >
              About & Contact
            </a>
          </p>
        </div>
      </footer>
      <div
        class="fixed bottom-4 right-4 z-20"
      />
    </main>
  </div>
</DocumentFragment>
`;
