// Jest Snapshot v1, https://goo.gl/fbAQLP

exports[`Footer renders correctly -- according to react-test-renderer 1`] = `
<footer>
  <section
    class="css-1big75 elghiqq0"
  >
    <nav
      class="css-o92m70-PrimaryNav e1befqft0"
    >
      <a
        aria-label="Twitter"
        class="e1befqft1 css-1fszmt7 e70ypka2"
        data-index="0"
        href="https://twitter.com/raisedadead"
        rel="noopener noreferrer"
        target="_blank"
      >
        <span
          class="css-1xssqnp e70ypka1"
        >
          <span
            class="css-pw07op e70ypka0"
          >
            <span
              class="css-1me6504 e1i5p1da0"
            >
              <i
                class="fa"
              />
            </span>
          </span>
        </span>
      </a>
      <a
        aria-label="GitHub"
        class="e1befqft1 css-1fszmt7 e70ypka2"
        data-index="1"
        href="https://github.com/raisedadead"
        rel="noopener noreferrer"
        target="_blank"
      >
        <span
          class="css-1xssqnp e70ypka1"
        >
          <span
            class="css-pw07op e70ypka0"
          >
            <span
              class="css-1me6504 e1i5p1da0"
            >
              <i
                class="fa"
              />
            </span>
          </span>
        </span>
      </a>
      <a
        aria-label="LinkedIn"
        class="e1befqft1 css-1fszmt7 e70ypka2"
        data-index="2"
        href="https://linkedin.com/in/mrugeshm"
        rel="noopener noreferrer"
        target="_blank"
      >
        <span
          class="css-1xssqnp e70ypka1"
        >
          <span
            class="css-pw07op e70ypka0"
          >
            <span
              class="css-1me6504 e1i5p1da0"
            >
              <i
                class="fa"
              />
            </span>
          </span>
        </span>
      </a>
    </nav>
    <h6
      class="css-pdf1eb e19le4zx0"
    >
       
      Â© 
      2019
       Mrugesh Mohapatra.
    </h6>
  </section>
</footer>
`;
