// Jest Snapshot v1, https://goo.gl/fbAQLP

exports[`AllSitePages renders correctly -- according to react-test-renderer 1`] = `
<section>
  <h2>
    About thisÂ Starter
  </h2>
  <nav>
    <ul>
      <li
        id="home"
      >
        <a
          activeClassName="current"
          href="/"
        >
          Home
        </a>
      </li>
      <li
        id="dashboard"
      >
        <a
          activeClassName="current"
          href="/dashboard/"
        >
          Client-Only Path
        </a>
      </li>
      <li
        id="fourOhFour"
      >
        <a
          activeClassName="current"
          href="/404/"
        >
          Custom 404 Page
        </a>
      </li>
      <li
        id="plugins"
      >
        <a
          activeClassName="current"
          href="/plugins/"
        >
          Plugins
        </a>
      </li>
      <li
        id="tools"
      >
        <a
          activeClassName="current"
          href="/tools/"
        >
          Tools and Utilities
        </a>
      </li>
    </ul>
  </nav>
</section>
`;
