// Jest Snapshot v1, https://goo.gl/fbAQLP

exports[`HtmlHead renders correctly 1`] = `null`;
